// Jest Snapshot v1, https://goo.gl/fbAQLP

exports[`containers/task/TasksList renders task list correctly 1`] = `
<Router
  history={
    Object {
      "action": "POP",
      "block": [Function],
      "createHref": [Function],
      "go": [Function],
      "goBack": [Function],
      "goForward": [Function],
      "length": 1,
      "listen": [Function],
      "location": Object {
        "hash": "",
        "pathname": "/",
        "search": "",
        "state": undefined,
      },
      "push": [Function],
      "replace": [Function],
    }
  }
>
  <TasksList
    changePageNumber={[Function]}
    changePageTarget={[Function]}
    changePageTitle={[Function]}
    changePageTitleButton={[Function]}
    currentPage={1}
    endpoint="tasks"
    fetchTasks={[Function]}
    firstPage={1}
    getStatus={[Function]}
    lastPage={2}
    location={
      Object {
        "hash": "",
        "pathname": "/",
        "search": "",
        "state": undefined,
      }
    }
    pageLinks={
      Object {
        "first": "http://127.0.0.1:8000/api/v1/tasks/?format=vnd.api%2Bjson&page=1",
        "last": "http://127.0.0.1:8000/api/v1/tasks/?format=vnd.api%2Bjson&page=1",
        "next": "http://127.0.0.1:8000/api/v1/tasks/?format=vnd.api%2Bjson&page=2",
        "prev": null,
      }
    }
    pageNum={[Function]}
    rowsById={
      Object {
        "10": Object {
          "attributes": Object {
            "approved_submissions_count": 0,
            "created": "2018-07-12T16:48:50.829735+03:00",
            "created_by_name": "Ona User",
            "current_bounty_amount": null,
            "description": "This is an awesome task",
            "end": "2020-07-10T12:00:00+03:00",
            "estimated_time": "00:15:00",
            "modified": "2018-07-12T16:48:50.894406+03:00",
            "name": "Coconut Quest",
            "pending_submissions_count": 0,
            "rejected_submissions_count": 0,
            "required_expertise": "1",
            "required_expertise_display": "Beginner",
            "start": "2018-07-10T12:00:00+03:00",
            "status": "d",
            "status_display": "Draft",
            "submission_count": 0,
            "target_id": 20,
            "task_locations": Array [],
            "timing_rule": "FREQ=WEEKLY;INTERVAL=1;BYDAY=FR,SA",
            "total_bounty_payout": "0 KES",
            "total_submission_target": null,
            "user_submission_target": 10,
            "xform_id_string": "",
            "xform_title": "",
          },
          "id": "10",
          "relationships": Object {
            "bounty": Object {
              "data": null,
            },
            "client": Object {
              "data": Object {
                "id": "1",
                "type": "Client",
              },
            },
            "created_by": Object {
              "data": Object {
                "id": "3",
                "type": "User",
              },
            },
            "locations": Object {
              "data": Array [],
              "meta": Object {
                "count": 0,
              },
            },
            "parent": Object {
              "data": null,
            },
            "segment_rules": Object {
              "data": Array [],
              "meta": Object {
                "count": 0,
              },
            },
            "target_content_type": Object {
              "data": null,
            },
          },
          "type": "Task",
        },
        "4": Object {
          "attributes": Object {
            "approved_submissions_count": 3,
            "created": "2018-07-10T16:50:20.165320+03:00",
            "created_by_name": "Ona User",
            "current_bounty_amount": null,
            "description": "This is an awesome task",
            "end": "2020-07-10T12:00:00+03:00",
            "estimated_time": "00:15:00",
            "modified": "2018-07-12T17:08:58.621899+03:00",
            "name": "Kaznet",
            "pending_submissions_count": 0,
            "rejected_submissions_count": 0,
            "required_expertise": "1",
            "required_expertise_display": "Beginner",
            "start": "2018-07-10T12:00:00+03:00",
            "status": "a",
            "status_display": "Active",
            "submission_count": 0,
            "target_id": 20,
            "task_locations": Array [
              Object {
                "created": "2018-07-12T17:38:21.527548+03:00",
                "end": "18:00:00",
                "location": Object {
                  "id": "1",
                  "type": "Location",
                },
                "modified": "2018-07-12T17:38:21.527572+03:00",
                "start": "06:00:00",
                "task": Object {
                  "id": "4",
                  "type": "Task",
                },
                "timing_rule": "FREQ=MONTHLY;INTERVAL=1;BYMONTHDAY=1",
              },
            ],
            "timing_rule": "FREQ=WEEKLY;INTERVAL=1;BYDAY=FR,SA",
            "total_bounty_payout": "0 KES",
            "total_submission_target": null,
            "user_submission_target": 10,
            "xform_id_string": "Baseline_Questionnaire",
            "xform_ona_id": 328755,
            "xform_owner": "kahama",
            "xform_project_id": 64867,
            "xform_title": "Baseline_Questionnaire",
          },
          "id": "4",
          "relationships": Object {
            "bounty": Object {
              "data": null,
            },
            "client": Object {
              "data": Object {
                "id": "1",
                "type": "Client",
              },
            },
            "created_by": Object {
              "data": Object {
                "id": "3",
                "type": "User",
              },
            },
            "locations": Object {
              "data": Array [
                Object {
                  "id": "1",
                  "type": "Location",
                },
              ],
              "meta": Object {
                "count": 1,
              },
            },
            "parent": Object {
              "data": null,
            },
            "segment_rules": Object {
              "data": Array [],
              "meta": Object {
                "count": 0,
              },
            },
            "target_content_type": Object {
              "data": Object {
                "id": "16",
                "type": "ContentType",
              },
            },
          },
          "type": "Task",
        },
        "6": Object {
          "attributes": Object {
            "approved_submissions_count": 0,
            "created": "2018-07-10T19:38:07.391811+03:00",
            "created_by_name": "Ona User",
            "current_bounty_amount": null,
            "description": "This is an awesome task",
            "end": "2020-07-10T12:00:00+03:00",
            "estimated_time": "00:15:00",
            "modified": "2018-07-12T17:11:01.785628+03:00",
            "name": "Coconut Quest2",
            "pending_submissions_count": 0,
            "rejected_submissions_count": 0,
            "required_expertise": "1",
            "required_expertise_display": "Beginner",
            "start": "2018-07-10T12:00:00+03:00",
            "status": "d",
            "status_display": "Draft",
            "submission_count": 0,
            "target_id": 168,
            "task_locations": Array [],
            "timing_rule": "FREQ=WEEKLY;INTERVAL=1;BYDAY=FR,SA",
            "total_bounty_payout": "0 KES",
            "total_submission_target": null,
            "user_submission_target": 10,
            "xform_id_string": "bike_trip_repeat",
            "xform_title": "bike_trip_repeat",
          },
          "id": "6",
          "relationships": Object {
            "bounty": Object {
              "data": null,
            },
            "client": Object {
              "data": Object {
                "id": "1",
                "type": "Client",
              },
            },
            "created_by": Object {
              "data": Object {
                "id": "3",
                "type": "User",
              },
            },
            "locations": Object {
              "data": Array [],
              "meta": Object {
                "count": 0,
              },
            },
            "parent": Object {
              "data": null,
            },
            "segment_rules": Object {
              "data": Array [],
              "meta": Object {
                "count": 0,
              },
            },
            "target_content_type": Object {
              "data": Object {
                "id": "16",
                "type": "ContentType",
              },
            },
          },
          "type": "Task",
        },
        "8": Object {
          "attributes": Object {
            "approved_submissions_count": 0,
            "created": "2018-07-11T10:13:41.385184+03:00",
            "created_by_name": "",
            "current_bounty_amount": null,
            "description": "",
            "end": "2018-07-12T12:00:00+03:00",
            "estimated_time": "00:15:00",
            "modified": "2018-07-12T17:15:49.202427+03:00",
            "name": "Kill Bill",
            "pending_submissions_count": 0,
            "rejected_submissions_count": 0,
            "required_expertise": "1",
            "required_expertise_display": "Beginner",
            "start": "2018-07-10T12:00:00+03:00",
            "status": "e",
            "status_display": "Archived",
            "submission_count": 0,
            "target_id": 7,
            "task_locations": Array [],
            "timing_rule": "",
            "total_bounty_payout": "0 KES",
            "total_submission_target": null,
            "user_submission_target": null,
            "xform_id_string": "brcis_targ_comm_march2015",
            "xform_title": "BRCiS - TARGETED COMMUNITIES (March 2015)",
          },
          "id": "8",
          "relationships": Object {
            "bounty": Object {
              "data": null,
            },
            "client": Object {
              "data": null,
            },
            "created_by": Object {
              "data": null,
            },
            "locations": Object {
              "data": Array [],
              "meta": Object {
                "count": 0,
              },
            },
            "parent": Object {
              "data": null,
            },
            "segment_rules": Object {
              "data": Array [],
              "meta": Object {
                "count": 0,
              },
            },
            "target_content_type": Object {
              "data": Object {
                "id": "16",
                "type": "ContentType",
              },
            },
          },
          "type": "Task",
        },
      }
    }
    rowsIdArray={
      Array [
        "4",
        "6",
        "8",
        "10",
      ]
    }
    searchParam=""
    searchVal={[Function]}
    showListTitle={[Function]}
    taskStatus="a"
    totalPages={2}
  >
    <div
      className="TasksList"
    >
      <ListView
        currentPage={1}
        endpoint="tasks"
        firstPage={1}
        lastPage={2}
        pageLinks={
          Object {
            "first": "http://127.0.0.1:8000/api/v1/tasks/?format=vnd.api%2Bjson&page=1",
            "last": "http://127.0.0.1:8000/api/v1/tasks/?format=vnd.api%2Bjson&page=1",
            "next": "http://127.0.0.1:8000/api/v1/tasks/?format=vnd.api%2Bjson&page=2",
            "prev": null,
          }
        }
        renderHeaders={[Function]}
        renderRow={[Function]}
        rowsById={
          Object {
            "10": Object {
              "attributes": Object {
                "approved_submissions_count": 0,
                "created": "2018-07-12T16:48:50.829735+03:00",
                "created_by_name": "Ona User",
                "current_bounty_amount": null,
                "description": "This is an awesome task",
                "end": "2020-07-10T12:00:00+03:00",
                "estimated_time": "00:15:00",
                "modified": "2018-07-12T16:48:50.894406+03:00",
                "name": "Coconut Quest",
                "pending_submissions_count": 0,
                "rejected_submissions_count": 0,
                "required_expertise": "1",
                "required_expertise_display": "Beginner",
                "start": "2018-07-10T12:00:00+03:00",
                "status": "d",
                "status_display": "Draft",
                "submission_count": 0,
                "target_id": 20,
                "task_locations": Array [],
                "timing_rule": "FREQ=WEEKLY;INTERVAL=1;BYDAY=FR,SA",
                "total_bounty_payout": "0 KES",
                "total_submission_target": null,
                "user_submission_target": 10,
                "xform_id_string": "",
                "xform_title": "",
              },
              "id": "10",
              "relationships": Object {
                "bounty": Object {
                  "data": null,
                },
                "client": Object {
                  "data": Object {
                    "id": "1",
                    "type": "Client",
                  },
                },
                "created_by": Object {
                  "data": Object {
                    "id": "3",
                    "type": "User",
                  },
                },
                "locations": Object {
                  "data": Array [],
                  "meta": Object {
                    "count": 0,
                  },
                },
                "parent": Object {
                  "data": null,
                },
                "segment_rules": Object {
                  "data": Array [],
                  "meta": Object {
                    "count": 0,
                  },
                },
                "target_content_type": Object {
                  "data": null,
                },
              },
              "type": "Task",
            },
            "4": Object {
              "attributes": Object {
                "approved_submissions_count": 3,
                "created": "2018-07-10T16:50:20.165320+03:00",
                "created_by_name": "Ona User",
                "current_bounty_amount": null,
                "description": "This is an awesome task",
                "end": "2020-07-10T12:00:00+03:00",
                "estimated_time": "00:15:00",
                "modified": "2018-07-12T17:08:58.621899+03:00",
                "name": "Kaznet",
                "pending_submissions_count": 0,
                "rejected_submissions_count": 0,
                "required_expertise": "1",
                "required_expertise_display": "Beginner",
                "start": "2018-07-10T12:00:00+03:00",
                "status": "a",
                "status_display": "Active",
                "submission_count": 0,
                "target_id": 20,
                "task_locations": Array [
                  Object {
                    "created": "2018-07-12T17:38:21.527548+03:00",
                    "end": "18:00:00",
                    "location": Object {
                      "id": "1",
                      "type": "Location",
                    },
                    "modified": "2018-07-12T17:38:21.527572+03:00",
                    "start": "06:00:00",
                    "task": Object {
                      "id": "4",
                      "type": "Task",
                    },
                    "timing_rule": "FREQ=MONTHLY;INTERVAL=1;BYMONTHDAY=1",
                  },
                ],
                "timing_rule": "FREQ=WEEKLY;INTERVAL=1;BYDAY=FR,SA",
                "total_bounty_payout": "0 KES",
                "total_submission_target": null,
                "user_submission_target": 10,
                "xform_id_string": "Baseline_Questionnaire",
                "xform_ona_id": 328755,
                "xform_owner": "kahama",
                "xform_project_id": 64867,
                "xform_title": "Baseline_Questionnaire",
              },
              "id": "4",
              "relationships": Object {
                "bounty": Object {
                  "data": null,
                },
                "client": Object {
                  "data": Object {
                    "id": "1",
                    "type": "Client",
                  },
                },
                "created_by": Object {
                  "data": Object {
                    "id": "3",
                    "type": "User",
                  },
                },
                "locations": Object {
                  "data": Array [
                    Object {
                      "id": "1",
                      "type": "Location",
                    },
                  ],
                  "meta": Object {
                    "count": 1,
                  },
                },
                "parent": Object {
                  "data": null,
                },
                "segment_rules": Object {
                  "data": Array [],
                  "meta": Object {
                    "count": 0,
                  },
                },
                "target_content_type": Object {
                  "data": Object {
                    "id": "16",
                    "type": "ContentType",
                  },
                },
              },
              "type": "Task",
            },
            "6": Object {
              "attributes": Object {
                "approved_submissions_count": 0,
                "created": "2018-07-10T19:38:07.391811+03:00",
                "created_by_name": "Ona User",
                "current_bounty_amount": null,
                "description": "This is an awesome task",
                "end": "2020-07-10T12:00:00+03:00",
                "estimated_time": "00:15:00",
                "modified": "2018-07-12T17:11:01.785628+03:00",
                "name": "Coconut Quest2",
                "pending_submissions_count": 0,
                "rejected_submissions_count": 0,
                "required_expertise": "1",
                "required_expertise_display": "Beginner",
                "start": "2018-07-10T12:00:00+03:00",
                "status": "d",
                "status_display": "Draft",
                "submission_count": 0,
                "target_id": 168,
                "task_locations": Array [],
                "timing_rule": "FREQ=WEEKLY;INTERVAL=1;BYDAY=FR,SA",
                "total_bounty_payout": "0 KES",
                "total_submission_target": null,
                "user_submission_target": 10,
                "xform_id_string": "bike_trip_repeat",
                "xform_title": "bike_trip_repeat",
              },
              "id": "6",
              "relationships": Object {
                "bounty": Object {
                  "data": null,
                },
                "client": Object {
                  "data": Object {
                    "id": "1",
                    "type": "Client",
                  },
                },
                "created_by": Object {
                  "data": Object {
                    "id": "3",
                    "type": "User",
                  },
                },
                "locations": Object {
                  "data": Array [],
                  "meta": Object {
                    "count": 0,
                  },
                },
                "parent": Object {
                  "data": null,
                },
                "segment_rules": Object {
                  "data": Array [],
                  "meta": Object {
                    "count": 0,
                  },
                },
                "target_content_type": Object {
                  "data": Object {
                    "id": "16",
                    "type": "ContentType",
                  },
                },
              },
              "type": "Task",
            },
            "8": Object {
              "attributes": Object {
                "approved_submissions_count": 0,
                "created": "2018-07-11T10:13:41.385184+03:00",
                "created_by_name": "",
                "current_bounty_amount": null,
                "description": "",
                "end": "2018-07-12T12:00:00+03:00",
                "estimated_time": "00:15:00",
                "modified": "2018-07-12T17:15:49.202427+03:00",
                "name": "Kill Bill",
                "pending_submissions_count": 0,
                "rejected_submissions_count": 0,
                "required_expertise": "1",
                "required_expertise_display": "Beginner",
                "start": "2018-07-10T12:00:00+03:00",
                "status": "e",
                "status_display": "Archived",
                "submission_count": 0,
                "target_id": 7,
                "task_locations": Array [],
                "timing_rule": "",
                "total_bounty_payout": "0 KES",
                "total_submission_target": null,
                "user_submission_target": null,
                "xform_id_string": "brcis_targ_comm_march2015",
                "xform_title": "BRCiS - TARGETED COMMUNITIES (March 2015)",
              },
              "id": "8",
              "relationships": Object {
                "bounty": Object {
                  "data": null,
                },
                "client": Object {
                  "data": null,
                },
                "created_by": Object {
                  "data": null,
                },
                "locations": Object {
                  "data": Array [],
                  "meta": Object {
                    "count": 0,
                  },
                },
                "parent": Object {
                  "data": null,
                },
                "segment_rules": Object {
                  "data": Array [],
                  "meta": Object {
                    "count": 0,
                  },
                },
                "target_content_type": Object {
                  "data": Object {
                    "id": "16",
                    "type": "ContentType",
                  },
                },
              },
              "type": "Task",
            },
          }
        }
        rowsIdArray={
          Array [
            "4",
            "6",
            "8",
            "10",
          ]
        }
        searchVal=""
        sortField="modified"
        sortOrder="desc"
        taskStatus="a"
        totalPages={2}
      >
        <div>
          <Table
            bordered={true}
            className="kaznet-table"
            responsiveTag="div"
            tag="table"
          >
            <table
              className="kaznet-table table table-bordered"
            >
              <thead>
                <tr>
                  <FilterElementMap
                    HTMLTag="th"
                    filterFields={
                      Object {
                        "Status": Array [
                          <DropdownItem
                            className=""
                            tag="button"
                            toggle={true}
                          >
                            <Link
                              className="nav-link"
                              data-key=""
                              replace={false}
                              to="/tasks/?search=&status=&page=1"
                            >
                              All
                            </Link>
                          </DropdownItem>,
                          <DropdownItem
                            className="active-task"
                            tag="button"
                            toggle={true}
                          >
                            <Link
                              className="nav-link"
                              data-key="a"
                              replace={false}
                              to="/tasks/?search=&status=a&page=1"
                            >
                              Active
                            </Link>
                          </DropdownItem>,
                          <DropdownItem
                            className=""
                            tag="button"
                            toggle={true}
                          >
                            <Link
                              className="nav-link"
                              data-key="b"
                              replace={false}
                              to="/tasks/?search=&status=b&page=1"
                            >
                              Deactivated
                            </Link>
                          </DropdownItem>,
                          <DropdownItem
                            className=""
                            tag="button"
                            toggle={true}
                          >
                            <Link
                              className="nav-link"
                              data-key="c"
                              replace={false}
                              to="/tasks/?search=&status=c&page=1"
                            >
                              Expired
                            </Link>
                          </DropdownItem>,
                          <DropdownItem
                            className=""
                            tag="button"
                            toggle={true}
                          >
                            <Link
                              className="nav-link"
                              data-key="d"
                              replace={false}
                              to="/tasks/?search=&status=d&page=1"
                            >
                              Draft
                            </Link>
                          </DropdownItem>,
                          <DropdownItem
                            className=""
                            tag="button"
                            toggle={true}
                          >
                            <Link
                              className="nav-link"
                              data-key="s"
                              replace={false}
                              to="/tasks/?search=&status=s&page=1"
                            >
                              Scheduled
                            </Link>
                          </DropdownItem>,
                          <DropdownItem
                            className=""
                            tag="button"
                            toggle={true}
                          >
                            <Link
                              className="nav-link"
                              data-key="e"
                              replace={false}
                              to="/tasks/?search=&status=e&page=1"
                            >
                              Archived
                            </Link>
                          </DropdownItem>,
                        ],
                      }
                    }
                    handleChangeFunctions={
                      Array [
                        [Function],
                      ]
                    }
                    isOpenStates={
                      Array [
                        false,
                      ]
                    }
                    listItems={
                      Array [
                        "Name",
                        "Need Review",
                        "Created",
                        "Expires",
                        "Form",
                      ]
                    }
                  >
                    <ElementMap
                      HTMLTag="th"
                      items={
                        Array [
                          <Dropdown
                            active={false}
                            addonType={false}
                            direction="down"
                            inNavbar={false}
                            isOpen={false}
                            nav={false}
                            setActiveFromChild={false}
                            toggle={[Function]}
                          >
                            <DropdownToggle
                              aria-haspopup={true}
                              caret={true}
                              className="nav-link"
                              color="secondary"
                              tag="span"
                            >
                              Status
                            </DropdownToggle>
                            <DropdownMenu
                              flip={true}
                              tag="div"
                            >
                              <DropdownItem
                                className=""
                                tag="button"
                                toggle={true}
                              >
                                <Link
                                  className="nav-link"
                                  data-key=""
                                  replace={false}
                                  to="/tasks/?search=&status=&page=1"
                                >
                                  All
                                </Link>
                              </DropdownItem>
                              <DropdownItem
                                className="active-task"
                                tag="button"
                                toggle={true}
                              >
                                <Link
                                  className="nav-link"
                                  data-key="a"
                                  replace={false}
                                  to="/tasks/?search=&status=a&page=1"
                                >
                                  Active
                                </Link>
                              </DropdownItem>
                              <DropdownItem
                                className=""
                                tag="button"
                                toggle={true}
                              >
                                <Link
                                  className="nav-link"
                                  data-key="b"
                                  replace={false}
                                  to="/tasks/?search=&status=b&page=1"
                                >
                                  Deactivated
                                </Link>
                              </DropdownItem>
                              <DropdownItem
                                className=""
                                tag="button"
                                toggle={true}
                              >
                                <Link
                                  className="nav-link"
                                  data-key="c"
                                  replace={false}
                                  to="/tasks/?search=&status=c&page=1"
                                >
                                  Expired
                                </Link>
                              </DropdownItem>
                              <DropdownItem
                                className=""
                                tag="button"
                                toggle={true}
                              >
                                <Link
                                  className="nav-link"
                                  data-key="d"
                                  replace={false}
                                  to="/tasks/?search=&status=d&page=1"
                                >
                                  Draft
                                </Link>
                              </DropdownItem>
                              <DropdownItem
                                className=""
                                tag="button"
                                toggle={true}
                              >
                                <Link
                                  className="nav-link"
                                  data-key="s"
                                  replace={false}
                                  to="/tasks/?search=&status=s&page=1"
                                >
                                  Scheduled
                                </Link>
                              </DropdownItem>
                              <DropdownItem
                                className=""
                                tag="button"
                                toggle={true}
                              >
                                <Link
                                  className="nav-link"
                                  data-key="e"
                                  replace={false}
                                  to="/tasks/?search=&status=e&page=1"
                                >
                                  Archived
                                </Link>
                              </DropdownItem>
                            </DropdownMenu>
                          </Dropdown>,
                          "Name",
                          "Need Review",
                          "Created",
                          "Expires",
                          "Form",
                        ]
                      }
                    >
                      <th
                        key="0"
                      >
                        <Dropdown
                          active={false}
                          addonType={false}
                          direction="down"
                          inNavbar={false}
                          isOpen={false}
                          key="0"
                          nav={false}
                          setActiveFromChild={false}
                          toggle={[Function]}
                        >
                          <Manager
                            className="dropdown"
                            onKeyDown={[Function]}
                            tag="div"
                          >
                            <div
                              className="dropdown"
                              onKeyDown={[Function]}
                            >
                              <DropdownToggle
                                aria-haspopup={true}
                                caret={true}
                                className="nav-link"
                                color="secondary"
                                tag="span"
                              >
                                <Target
                                  aria-expanded={false}
                                  aria-haspopup={true}
                                  className="nav-link dropdown-toggle"
                                  component="span"
                                  onClick={[Function]}
                                >
                                  <span
                                    aria-expanded={false}
                                    aria-haspopup={true}
                                    className="nav-link dropdown-toggle"
                                    onClick={[Function]}
                                  >
                                    Status
                                  </span>
                                </Target>
                              </DropdownToggle>
                              <DropdownMenu
                                flip={true}
                                tag="div"
                              >
                                <div
                                  aria-hidden={true}
                                  className="dropdown-menu"
                                  role="menu"
                                  tabIndex="-1"
                                >
                                  <DropdownItem
                                    className=""
                                    key=""
                                    tag="button"
                                    toggle={true}
                                  >
                                    <button
                                      className="dropdown-item"
                                      onClick={[Function]}
                                      tabIndex="0"
                                      type="button"
                                    >
                                      <Link
                                        className="nav-link"
                                        data-key=""
                                        key=""
                                        replace={false}
                                        to="/tasks/?search=&status=&page=1"
                                      >
                                        <a
                                          className="nav-link"
                                          data-key=""
                                          href="/tasks/?search=&status=&page=1"
                                          onClick={[Function]}
                                        >
                                          All
                                        </a>
                                      </Link>
                                    </button>
                                  </DropdownItem>
                                  <DropdownItem
                                    className="active-task"
                                    key="a"
                                    tag="button"
                                    toggle={true}
                                  >
                                    <button
                                      className="active-task dropdown-item"
                                      onClick={[Function]}
                                      tabIndex="0"
                                      type="button"
                                    >
                                      <Link
                                        className="nav-link"
                                        data-key="a"
                                        key="a"
                                        replace={false}
                                        to="/tasks/?search=&status=a&page=1"
                                      >
                                        <a
                                          className="nav-link"
                                          data-key="a"
                                          href="/tasks/?search=&status=a&page=1"
                                          onClick={[Function]}
                                        >
                                          Active
                                        </a>
                                      </Link>
                                    </button>
                                  </DropdownItem>
                                  <DropdownItem
                                    className=""
                                    key="b"
                                    tag="button"
                                    toggle={true}
                                  >
                                    <button
                                      className="dropdown-item"
                                      onClick={[Function]}
                                      tabIndex="0"
                                      type="button"
                                    >
                                      <Link
                                        className="nav-link"
                                        data-key="b"
                                        key="b"
                                        replace={false}
                                        to="/tasks/?search=&status=b&page=1"
                                      >
                                        <a
                                          className="nav-link"
                                          data-key="b"
                                          href="/tasks/?search=&status=b&page=1"
                                          onClick={[Function]}
                                        >
                                          Deactivated
                                        </a>
                                      </Link>
                                    </button>
                                  </DropdownItem>
                                  <DropdownItem
                                    className=""
                                    key="c"
                                    tag="button"
                                    toggle={true}
                                  >
                                    <button
                                      className="dropdown-item"
                                      onClick={[Function]}
                                      tabIndex="0"
                                      type="button"
                                    >
                                      <Link
                                        className="nav-link"
                                        data-key="c"
                                        key="c"
                                        replace={false}
                                        to="/tasks/?search=&status=c&page=1"
                                      >
                                        <a
                                          className="nav-link"
                                          data-key="c"
                                          href="/tasks/?search=&status=c&page=1"
                                          onClick={[Function]}
                                        >
                                          Expired
                                        </a>
                                      </Link>
                                    </button>
                                  </DropdownItem>
                                  <DropdownItem
                                    className=""
                                    key="d"
                                    tag="button"
                                    toggle={true}
                                  >
                                    <button
                                      className="dropdown-item"
                                      onClick={[Function]}
                                      tabIndex="0"
                                      type="button"
                                    >
                                      <Link
                                        className="nav-link"
                                        data-key="d"
                                        key="d"
                                        replace={false}
                                        to="/tasks/?search=&status=d&page=1"
                                      >
                                        <a
                                          className="nav-link"
                                          data-key="d"
                                          href="/tasks/?search=&status=d&page=1"
                                          onClick={[Function]}
                                        >
                                          Draft
                                        </a>
                                      </Link>
                                    </button>
                                  </DropdownItem>
                                  <DropdownItem
                                    className=""
                                    key="s"
                                    tag="button"
                                    toggle={true}
                                  >
                                    <button
                                      className="dropdown-item"
                                      onClick={[Function]}
                                      tabIndex="0"
                                      type="button"
                                    >
                                      <Link
                                        className="nav-link"
                                        data-key="s"
                                        key="s"
                                        replace={false}
                                        to="/tasks/?search=&status=s&page=1"
                                      >
                                        <a
                                          className="nav-link"
                                          data-key="s"
                                          href="/tasks/?search=&status=s&page=1"
                                          onClick={[Function]}
                                        >
                                          Scheduled
                                        </a>
                                      </Link>
                                    </button>
                                  </DropdownItem>
                                  <DropdownItem
                                    className=""
                                    key="e"
                                    tag="button"
                                    toggle={true}
                                  >
                                    <button
                                      className="dropdown-item"
                                      onClick={[Function]}
                                      tabIndex="0"
                                      type="button"
                                    >
                                      <Link
                                        className="nav-link"
                                        data-key="e"
                                        key="e"
                                        replace={false}
                                        to="/tasks/?search=&status=e&page=1"
                                      >
                                        <a
                                          className="nav-link"
                                          data-key="e"
                                          href="/tasks/?search=&status=e&page=1"
                                          onClick={[Function]}
                                        >
                                          Archived
                                        </a>
                                      </Link>
                                    </button>
                                  </DropdownItem>
                                </div>
                              </DropdownMenu>
                            </div>
                          </Manager>
                        </Dropdown>
                      </th>
                      <th
                        key="1"
                      >
                        Name
                      </th>
                      <th
                        key="2"
                      >
                        Need Review
                      </th>
                      <th
                        key="3"
                      >
                        Created
                      </th>
                      <th
                        key="4"
                      >
                        Expires
                      </th>
                      <th
                        key="5"
                      >
                        Form
                      </th>
                    </ElementMap>
                  </FilterElementMap>
                </tr>
              </thead>
              <tbody>
                <tr
                  key="8"
                >
                  <ElementMap
                    HTMLTag="td"
                    items={
                      Array [
                        <Badge
                          className="task-badge status-e"
                          color="secondary"
                          pill={false}
                          tag="span"
                        >
                          Archived
                        </Badge>,
                        <Link
                          replace={false}
                          to="/tasks/8"
                        >
                          Kill Bill
                        </Link>,
                        "0/0",
                        <t
                          ago={false}
                          calendar={false}
                          decimal={false}
                          element="time"
                          filter={[Function]}
                          format="DD-MM-YYYY"
                          fromNow={false}
                          interval={60000}
                          onChange={[Function]}
                          toNow={false}
                          unit={null}
                          unix={false}
                          utc={false}
                        >
                          2018-07-10T12:00:00+03:00
                        </t>,
                        <t
                          ago={false}
                          calendar={false}
                          decimal={false}
                          element="time"
                          filter={[Function]}
                          format="DD-MM-YYYY"
                          fromNow={false}
                          interval={60000}
                          onChange={[Function]}
                          toNow={false}
                          unit={null}
                          unix={false}
                          utc={false}
                        >
                          2018-07-12T12:00:00+03:00
                        </t>,
                        "BRCiS - TARGETED COMMUNITIES (March 2015)",
                      ]
                    }
                  >
                    <td
                      key="0"
                    >
                      <Badge
                        className="task-badge status-e"
                        color="secondary"
                        key="8"
                        pill={false}
                        tag="span"
                      >
                        <span
                          className="task-badge status-e badge badge-secondary"
                        >
                          Archived
                        </span>
                      </Badge>
                    </td>
                    <td
                      key="1"
                    >
                      <Link
                        key="link_to"
                        replace={false}
                        to="/tasks/8"
                      >
                        <a
                          href="/tasks/8"
                          onClick={[Function]}
                        >
                          Kill Bill
                        </a>
                      </Link>
                    </td>
                    <td
                      key="2"
                    >
                      0/0
                    </td>
                    <td
                      key="3"
                    >
                      <t
                        ago={false}
                        calendar={false}
                        decimal={false}
                        element="time"
                        filter={[Function]}
                        format="DD-MM-YYYY"
                        fromNow={false}
                        interval={60000}
                        key="8"
                        onChange={[Function]}
                        toNow={false}
                        unit={null}
                        unix={false}
                        utc={false}
                      >
                        <time
                          dateTime={"2018-07-10T09:00:00.000Z"}
                        >
                          10-07-2018
                        </time>
                      </t>
                    </td>
                    <td
                      key="4"
                    >
                      <t
                        ago={false}
                        calendar={false}
                        decimal={false}
                        element="time"
                        filter={[Function]}
                        format="DD-MM-YYYY"
                        fromNow={false}
                        interval={60000}
                        key="8"
                        onChange={[Function]}
                        toNow={false}
                        unit={null}
                        unix={false}
                        utc={false}
                      >
                        <time
                          dateTime={"2018-07-12T09:00:00.000Z"}
                        >
                          12-07-2018
                        </time>
                      </t>
                    </td>
                    <td
                      key="5"
                    >
                      BRCiS - TARGETED COMMUNITIES (March 2015)
                    </td>
                  </ElementMap>
                </tr>
                <tr
                  key="6"
                >
                  <ElementMap
                    HTMLTag="td"
                    items={
                      Array [
                        <Badge
                          className="task-badge status-d"
                          color="secondary"
                          pill={false}
                          tag="span"
                        >
                          Draft
                        </Badge>,
                        <Link
                          replace={false}
                          to="/tasks/6"
                        >
                          Coconut Quest2
                        </Link>,
                        "0/0",
                        <t
                          ago={false}
                          calendar={false}
                          decimal={false}
                          element="time"
                          filter={[Function]}
                          format="DD-MM-YYYY"
                          fromNow={false}
                          interval={60000}
                          onChange={[Function]}
                          toNow={false}
                          unit={null}
                          unix={false}
                          utc={false}
                        >
                          2018-07-10T12:00:00+03:00
                        </t>,
                        <t
                          ago={false}
                          calendar={false}
                          decimal={false}
                          element="time"
                          filter={[Function]}
                          format="DD-MM-YYYY"
                          fromNow={false}
                          interval={60000}
                          onChange={[Function]}
                          toNow={false}
                          unit={null}
                          unix={false}
                          utc={false}
                        >
                          2020-07-10T12:00:00+03:00
                        </t>,
                        "bike_trip_repeat",
                      ]
                    }
                  >
                    <td
                      key="0"
                    >
                      <Badge
                        className="task-badge status-d"
                        color="secondary"
                        key="6"
                        pill={false}
                        tag="span"
                      >
                        <span
                          className="task-badge status-d badge badge-secondary"
                        >
                          Draft
                        </span>
                      </Badge>
                    </td>
                    <td
                      key="1"
                    >
                      <Link
                        key="link_to"
                        replace={false}
                        to="/tasks/6"
                      >
                        <a
                          href="/tasks/6"
                          onClick={[Function]}
                        >
                          Coconut Quest2
                        </a>
                      </Link>
                    </td>
                    <td
                      key="2"
                    >
                      0/0
                    </td>
                    <td
                      key="3"
                    >
                      <t
                        ago={false}
                        calendar={false}
                        decimal={false}
                        element="time"
                        filter={[Function]}
                        format="DD-MM-YYYY"
                        fromNow={false}
                        interval={60000}
                        key="6"
                        onChange={[Function]}
                        toNow={false}
                        unit={null}
                        unix={false}
                        utc={false}
                      >
                        <time
                          dateTime={"2018-07-10T09:00:00.000Z"}
                        >
                          10-07-2018
                        </time>
                      </t>
                    </td>
                    <td
                      key="4"
                    >
                      <t
                        ago={false}
                        calendar={false}
                        decimal={false}
                        element="time"
                        filter={[Function]}
                        format="DD-MM-YYYY"
                        fromNow={false}
                        interval={60000}
                        key="6"
                        onChange={[Function]}
                        toNow={false}
                        unit={null}
                        unix={false}
                        utc={false}
                      >
                        <time
                          dateTime={"2020-07-10T09:00:00.000Z"}
                        >
                          10-07-2020
                        </time>
                      </t>
                    </td>
                    <td
                      key="5"
                    >
                      bike_trip_repeat
                    </td>
                  </ElementMap>
                </tr>
                <tr
                  key="4"
                >
                  <ElementMap
                    HTMLTag="td"
                    items={
                      Array [
                        <Badge
                          className="task-badge status-a"
                          color="secondary"
                          pill={false}
                          tag="span"
                        >
                          Active
                        </Badge>,
                        <Link
                          replace={false}
                          to="/tasks/4"
                        >
                          Kaznet
                        </Link>,
                        "0/0",
                        <t
                          ago={false}
                          calendar={false}
                          decimal={false}
                          element="time"
                          filter={[Function]}
                          format="DD-MM-YYYY"
                          fromNow={false}
                          interval={60000}
                          onChange={[Function]}
                          toNow={false}
                          unit={null}
                          unix={false}
                          utc={false}
                        >
                          2018-07-10T12:00:00+03:00
                        </t>,
                        <t
                          ago={false}
                          calendar={false}
                          decimal={false}
                          element="time"
                          filter={[Function]}
                          format="DD-MM-YYYY"
                          fromNow={false}
                          interval={60000}
                          onChange={[Function]}
                          toNow={false}
                          unit={null}
                          unix={false}
                          utc={false}
                        >
                          2020-07-10T12:00:00+03:00
                        </t>,
                        "Baseline_Questionnaire",
                      ]
                    }
                  >
                    <td
                      key="0"
                    >
                      <Badge
                        className="task-badge status-a"
                        color="secondary"
                        key="4"
                        pill={false}
                        tag="span"
                      >
                        <span
                          className="task-badge status-a badge badge-secondary"
                        >
                          Active
                        </span>
                      </Badge>
                    </td>
                    <td
                      key="1"
                    >
                      <Link
                        key="link_to"
                        replace={false}
                        to="/tasks/4"
                      >
                        <a
                          href="/tasks/4"
                          onClick={[Function]}
                        >
                          Kaznet
                        </a>
                      </Link>
                    </td>
                    <td
                      key="2"
                    >
                      0/0
                    </td>
                    <td
                      key="3"
                    >
                      <t
                        ago={false}
                        calendar={false}
                        decimal={false}
                        element="time"
                        filter={[Function]}
                        format="DD-MM-YYYY"
                        fromNow={false}
                        interval={60000}
                        key="4"
                        onChange={[Function]}
                        toNow={false}
                        unit={null}
                        unix={false}
                        utc={false}
                      >
                        <time
                          dateTime={"2018-07-10T09:00:00.000Z"}
                        >
                          10-07-2018
                        </time>
                      </t>
                    </td>
                    <td
                      key="4"
                    >
                      <t
                        ago={false}
                        calendar={false}
                        decimal={false}
                        element="time"
                        filter={[Function]}
                        format="DD-MM-YYYY"
                        fromNow={false}
                        interval={60000}
                        key="4"
                        onChange={[Function]}
                        toNow={false}
                        unit={null}
                        unix={false}
                        utc={false}
                      >
                        <time
                          dateTime={"2020-07-10T09:00:00.000Z"}
                        >
                          10-07-2020
                        </time>
                      </t>
                    </td>
                    <td
                      key="5"
                    >
                      Baseline_Questionnaire
                    </td>
                  </ElementMap>
                </tr>
                <tr
                  key="10"
                >
                  <ElementMap
                    HTMLTag="td"
                    items={
                      Array [
                        <Badge
                          className="task-badge status-d"
                          color="secondary"
                          pill={false}
                          tag="span"
                        >
                          Draft
                        </Badge>,
                        <Link
                          replace={false}
                          to="/tasks/10"
                        >
                          Coconut Quest
                        </Link>,
                        "0/0",
                        <t
                          ago={false}
                          calendar={false}
                          decimal={false}
                          element="time"
                          filter={[Function]}
                          format="DD-MM-YYYY"
                          fromNow={false}
                          interval={60000}
                          onChange={[Function]}
                          toNow={false}
                          unit={null}
                          unix={false}
                          utc={false}
                        >
                          2018-07-10T12:00:00+03:00
                        </t>,
                        <t
                          ago={false}
                          calendar={false}
                          decimal={false}
                          element="time"
                          filter={[Function]}
                          format="DD-MM-YYYY"
                          fromNow={false}
                          interval={60000}
                          onChange={[Function]}
                          toNow={false}
                          unit={null}
                          unix={false}
                          utc={false}
                        >
                          2020-07-10T12:00:00+03:00
                        </t>,
                        "",
                      ]
                    }
                  >
                    <td
                      key="0"
                    >
                      <Badge
                        className="task-badge status-d"
                        color="secondary"
                        key="10"
                        pill={false}
                        tag="span"
                      >
                        <span
                          className="task-badge status-d badge badge-secondary"
                        >
                          Draft
                        </span>
                      </Badge>
                    </td>
                    <td
                      key="1"
                    >
                      <Link
                        key="link_to"
                        replace={false}
                        to="/tasks/10"
                      >
                        <a
                          href="/tasks/10"
                          onClick={[Function]}
                        >
                          Coconut Quest
                        </a>
                      </Link>
                    </td>
                    <td
                      key="2"
                    >
                      0/0
                    </td>
                    <td
                      key="3"
                    >
                      <t
                        ago={false}
                        calendar={false}
                        decimal={false}
                        element="time"
                        filter={[Function]}
                        format="DD-MM-YYYY"
                        fromNow={false}
                        interval={60000}
                        key="10"
                        onChange={[Function]}
                        toNow={false}
                        unit={null}
                        unix={false}
                        utc={false}
                      >
                        <time
                          dateTime={"2018-07-10T09:00:00.000Z"}
                        >
                          10-07-2018
                        </time>
                      </t>
                    </td>
                    <td
                      key="4"
                    >
                      <t
                        ago={false}
                        calendar={false}
                        decimal={false}
                        element="time"
                        filter={[Function]}
                        format="DD-MM-YYYY"
                        fromNow={false}
                        interval={60000}
                        key="10"
                        onChange={[Function]}
                        toNow={false}
                        unit={null}
                        unix={false}
                        utc={false}
                      >
                        <time
                          dateTime={"2020-07-10T09:00:00.000Z"}
                        >
                          10-07-2020
                        </time>
                      </t>
                    </td>
                    <td
                      key="5"
                    />
                  </ElementMap>
                </tr>
              </tbody>
            </table>
          </Table>
          <Pagination
            aria-label="Kaznet listview"
            listTag="ul"
            tag="nav"
          >
            <nav
              aria-label="Kaznet listview"
              className=""
            >
              <ul
                className="pagination"
              >
                <PaginationItem
                  disabled={false}
                  tag="li"
                >
                  <li
                    className="page-item"
                  >
                    <Link
                      aria-label="First"
                      className="page-link"
                      replace={false}
                      to="/tasks/?search=&page=1&status=a"
                    >
                      <a
                        aria-label="First"
                        className="page-link"
                        href="/tasks/?search=&page=1&status=a"
                        onClick={[Function]}
                      >
                        First
                      </a>
                    </Link>
                  </li>
                </PaginationItem>
                <PaginationItem
                  disabled={true}
                  tag="li"
                >
                  <li
                    className="page-item disabled"
                  >
                    <Link
                      aria-label="Previous"
                      className="page-link"
                      replace={false}
                      to="#"
                    >
                      <a
                        aria-label="Previous"
                        className="page-link"
                        href="/"
                        onClick={[Function]}
                      >
                        «
                      </a>
                    </Link>
                  </li>
                </PaginationItem>
                <PaginationItem
                  disabled={false}
                  tag="li"
                >
                  <li
                    className="page-item"
                  >
                    <Link
                      aria-label="Next"
                      className="page-link"
                      replace={false}
                      to="/tasks/?search=&page=2&status=a"
                    >
                      <a
                        aria-label="Next"
                        className="page-link"
                        href="/tasks/?search=&page=2&status=a"
                        onClick={[Function]}
                      >
                        »
                      </a>
                    </Link>
                  </li>
                </PaginationItem>
                <PaginationItem
                  disabled={false}
                  tag="li"
                >
                  <li
                    className="page-item"
                  >
                    <Link
                      aria-label="Last"
                      className="page-link"
                      replace={false}
                      to="/tasks/?search=&page=2&status=a"
                    >
                      <a
                        aria-label="Last"
                        className="page-link"
                        href="/tasks/?search=&page=2&status=a"
                        onClick={[Function]}
                      >
                        Last
                      </a>
                    </Link>
                  </li>
                </PaginationItem>
              </ul>
            </nav>
          </Pagination>
        </div>
      </ListView>
    </div>
  </TasksList>
</Router>
`;
