// Jest Snapshot v1, https://goo.gl/fbAQLP

exports[`containers/task/TaskForm renders task form correctly 1`] = `
<TaskForm
  clientsById={
    Object {
      "1": Object {
        "attributes": Object {
          "created": "2018-06-21T13:51:54.011373+03:00",
          "name": "Sol",
        },
        "id": "1",
        "type": "Client",
      },
    }
  }
  fetchClients={[Function]}
  fetchContentTypes={[Function]}
  fetchForms={[Function]}
  fetchLocations={[Function]}
  formActionDispatch={[Function]}
  initialData={
    Object {
      "amount": 55,
      "client": "1",
      "description": "This is an awesome task",
      "end": "2020-07-10",
      "estimated_time": 15,
      "form": 20,
      "name": "Kaznet",
      "required_expertise": "1",
      "start": "2018-07-10",
      "status": "a",
      "tasklocation_end": "18:00:00",
      "tasklocation_location": "1",
      "tasklocation_start": "06:00:00",
      "tasklocation_timing_rule": "FREQ=MONTHLY;INTERVAL=1;BYMONTHDAY=1",
      "timing_rule": "FREQ=WEEKLY;INTERVAL=1;BYDAY=FR,SA",
      "user_submission_target": 10,
    }
  }
  locationsById={
    Object {
      "1": Object {
        "attributes": Object {
          "country": "KE",
          "created": "2018-06-20T12:09:02.916318+03:00",
          "description": "Such Big City , Much wow",
          "geopoint": null,
          "location_type_name": "None",
          "modified": "2018-06-20T12:09:02.916345+03:00",
          "name": "Nairobi",
          "parent_name": "None",
          "radius": null,
          "shapefile": Object {
            "coordinates": Array [
              Array [
                Array [
                  Array [
                    -0.038795471191406,
                    0.030555723649271,
                  ],
                  Array [
                    0.049095153808594,
                    0.013389587280456,
                  ],
                  Array [
                    0.015106201171875,
                    -0.063171373920095,
                  ],
                  Array [
                    -0.044288635253906,
                    -0.032615659859611,
                  ],
                  Array [
                    -0.038795471191406,
                    0.030555723649271,
                  ],
                ],
              ],
            ],
            "type": "MultiPolygon",
          },
        },
        "id": "1",
        "relationships": Object {
          "location_type": Object {
            "data": null,
          },
          "parent": Object {
            "data": null,
          },
        },
        "type": "Location",
      },
      "7": Object {
        "attributes": Object {
          "country": "CK",
          "created": "2018-07-09T14:53:09.732230+03:00",
          "description": "Something",
          "geopoint": null,
          "location_type_name": null,
          "modified": "2018-07-09T14:53:09.732261+03:00",
          "name": "Sol Point",
          "parent_name": null,
          "radius": null,
          "shapefile": null,
        },
        "id": "7",
        "relationships": Object {
          "location_type": Object {
            "data": null,
          },
          "parent": Object {
            "data": null,
          },
        },
        "type": "Location",
      },
    }
  }
  unusedFormsById={
    Object {
      "1": Object {
        "attributes": Object {
          "title": "name",
        },
      },
    }
  }
>
  <Formik
    enableReinitialize={false}
    initialValues={
      Object {
        "amount": 55,
        "client": "1",
        "description": "This is an awesome task",
        "end": "2020-07-10",
        "estimated_time": 15,
        "form": 20,
        "name": "Kaznet",
        "required_expertise": "1",
        "start": "2018-07-10",
        "status": "a",
        "tasklocation_end": "18:00:00",
        "tasklocation_location": "1",
        "tasklocation_start": "06:00:00",
        "tasklocation_timing_rule": "FREQ=MONTHLY;INTERVAL=1;BYMONTHDAY=1",
        "timing_rule": "FREQ=WEEKLY;INTERVAL=1;BYDAY=FR,SA",
        "user_submission_target": 10,
      }
    }
    isInitialValid={false}
    onSubmit={[Function]}
    render={[Function]}
    validateOnBlur={true}
    validateOnChange={true}
  >
    <div>
      <Form
        onSubmit={[Function]}
        tag="form"
      >
        <form
          className=""
          onSubmit={[Function]}
        >
          <FormGroup
            className="row"
            tag="div"
          >
            <div
              className="row form-group"
            >
              <Col
                sm="12"
                tag="div"
                widths={
                  Array [
                    "xs",
                    "sm",
                    "md",
                    "lg",
                    "xl",
                  ]
                }
              >
                <div
                  className="col-sm-12"
                >
                  <Input
                    aria-label="title"
                    bsSize="lg"
                    className=""
                    name="name"
                    onBlur={[Function]}
                    onChange={[Function]}
                    placeholder="Title"
                    type="text"
                    value="Kaznet"
                  >
                    <input
                      aria-label="title"
                      className="form-control-lg form-control"
                      name="name"
                      onBlur={[Function]}
                      onChange={[Function]}
                      placeholder="Title"
                      type="text"
                      value="Kaznet"
                    />
                  </Input>
                </div>
              </Col>
            </div>
          </FormGroup>
          <FormGroup
            className="row"
            tag="div"
          >
            <div
              className="row form-group"
            >
              <Col
                sm="3"
                tag="div"
                widths={
                  Array [
                    "xs",
                    "sm",
                    "md",
                    "lg",
                    "xl",
                  ]
                }
              >
                <div
                  className="col-sm-3"
                >
                  <Label
                    for="status"
                    tag="label"
                    widths={
                      Array [
                        "xs",
                        "sm",
                        "md",
                        "lg",
                        "xl",
                      ]
                    }
                  >
                    <label
                      className=""
                      htmlFor="status"
                    >
                      Status
                    </label>
                  </Label>
                </div>
              </Col>
              <Col
                md="9"
                tag="div"
                widths={
                  Array [
                    "xs",
                    "sm",
                    "md",
                    "lg",
                    "xl",
                  ]
                }
              >
                <div
                  className="col-md-9"
                >
                  <Input
                    aria-label="status"
                    bsSize="lg"
                    className=""
                    name="status"
                    onBlur={[Function]}
                    onChange={[Function]}
                    placeholder="Status"
                    type="select"
                    value="a"
                  >
                    <select
                      aria-label="status"
                      className="form-control-lg form-control"
                      name="status"
                      onBlur={[Function]}
                      onChange={[Function]}
                      placeholder="Status"
                      value="a"
                    >
                      <option>
                        ----
                      </option>
                      <option
                        value="d"
                      >
                        Draft
                      </option>
                      <option
                        value="a"
                      >
                        Active
                      </option>
                    </select>
                  </Input>
                </div>
              </Col>
            </div>
          </FormGroup>
          <FormGroup
            className="row"
            tag="div"
          >
            <div
              className="row form-group"
            >
              <Col
                sm="3"
                tag="div"
                widths={
                  Array [
                    "xs",
                    "sm",
                    "md",
                    "lg",
                    "xl",
                  ]
                }
              >
                <div
                  className="col-sm-3"
                >
                  <Label
                    for="description"
                    tag="label"
                    widths={
                      Array [
                        "xs",
                        "sm",
                        "md",
                        "lg",
                        "xl",
                      ]
                    }
                  >
                    <label
                      className=""
                      htmlFor="description"
                    >
                      Description
                    </label>
                  </Label>
                </div>
              </Col>
              <Col
                md="9"
                tag="div"
                widths={
                  Array [
                    "xs",
                    "sm",
                    "md",
                    "lg",
                    "xl",
                  ]
                }
              >
                <div
                  className="col-md-9"
                >
                  <Input
                    aria-label="description"
                    bsSize="lg"
                    className=""
                    cols="2"
                    name="description"
                    onBlur={[Function]}
                    onChange={[Function]}
                    placeholder="Description"
                    type="textarea"
                    value="This is an awesome task"
                  >
                    <textarea
                      aria-label="description"
                      className="form-control-lg form-control"
                      cols="2"
                      name="description"
                      onBlur={[Function]}
                      onChange={[Function]}
                      placeholder="Description"
                      value="This is an awesome task"
                    />
                  </Input>
                </div>
              </Col>
            </div>
          </FormGroup>
          <FormGroup
            className="row"
            tag="div"
          >
            <div
              className="row form-group"
            >
              <Col
                sm="3"
                tag="div"
                widths={
                  Array [
                    "xs",
                    "sm",
                    "md",
                    "lg",
                    "xl",
                  ]
                }
              >
                <div
                  className="col-sm-3"
                >
                  <Label
                    for="amount"
                    tag="label"
                    widths={
                      Array [
                        "xs",
                        "sm",
                        "md",
                        "lg",
                        "xl",
                      ]
                    }
                  >
                    <label
                      className=""
                      htmlFor="amount"
                    >
                      Reward
                    </label>
                  </Label>
                </div>
              </Col>
              <Col
                md="9"
                tag="div"
                widths={
                  Array [
                    "xs",
                    "sm",
                    "md",
                    "lg",
                    "xl",
                  ]
                }
              >
                <div
                  className="col-md-9"
                >
                  <Input
                    aria-label="reward"
                    bsSize="lg"
                    className=""
                    name="amount"
                    onBlur={[Function]}
                    onChange={[Function]}
                    placeholder="Reward"
                    type="number"
                    value={55}
                  >
                    <input
                      aria-label="reward"
                      className="form-control-lg form-control"
                      name="amount"
                      onBlur={[Function]}
                      onChange={[Function]}
                      placeholder="Reward"
                      type="number"
                      value={55}
                    />
                  </Input>
                  <FormText
                    color="muted"
                    tag="small"
                  >
                    <small
                      className="form-text text-muted"
                    >
                      The reward paid for successful submissions.
                    </small>
                  </FormText>
                </div>
              </Col>
            </div>
          </FormGroup>
          <FormGroup
            className="row"
            tag="div"
          >
            <div
              className="row form-group"
            >
              <Col
                sm="3"
                tag="div"
                widths={
                  Array [
                    "xs",
                    "sm",
                    "md",
                    "lg",
                    "xl",
                  ]
                }
              >
                <div
                  className="col-sm-3"
                >
                  <Label
                    for="form"
                    tag="label"
                    widths={
                      Array [
                        "xs",
                        "sm",
                        "md",
                        "lg",
                        "xl",
                      ]
                    }
                  >
                    <label
                      className=""
                      htmlFor="form"
                    >
                      Form
                    </label>
                  </Label>
                </div>
              </Col>
              <Col
                md="9"
                tag="div"
                widths={
                  Array [
                    "xs",
                    "sm",
                    "md",
                    "lg",
                    "xl",
                  ]
                }
              >
                <div
                  className="col-md-9"
                >
                  <Input
                    aria-label="form"
                    bsSize="lg"
                    className=""
                    name="form"
                    onBlur={[Function]}
                    onChange={[Function]}
                    placeholder="Form"
                    type="select"
                    value={20}
                  >
                    <select
                      aria-label="form"
                      className="form-control-lg form-control"
                      name="form"
                      onBlur={[Function]}
                      onChange={[Function]}
                      placeholder="Form"
                      value={20}
                    >
                      <OptionMap
                        obj={
                          Object {
                            "1": Object {
                              "attributes": Object {
                                "title": "name",
                              },
                            },
                          }
                        }
                        titleField="title"
                      >
                        <option
                          key="0"
                        >
                          ----
                        </option>
                        <option
                          key="1"
                          value="1"
                        >
                          name
                        </option>
                      </OptionMap>
                    </select>
                  </Input>
                </div>
              </Col>
            </div>
          </FormGroup>
          <FormGroup
            className="row"
            tag="div"
          >
            <div
              className="row form-group"
            >
              <Col
                sm="3"
                tag="div"
                widths={
                  Array [
                    "xs",
                    "sm",
                    "md",
                    "lg",
                    "xl",
                  ]
                }
              >
                <div
                  className="col-sm-3"
                >
                  <Label
                    for="start"
                    tag="label"
                    widths={
                      Array [
                        "xs",
                        "sm",
                        "md",
                        "lg",
                        "xl",
                      ]
                    }
                  >
                    <label
                      className=""
                      htmlFor="start"
                    >
                      Active dates
                    </label>
                  </Label>
                </div>
              </Col>
              <Col
                md="9"
                tag="div"
                widths={
                  Array [
                    "xs",
                    "sm",
                    "md",
                    "lg",
                    "xl",
                  ]
                }
              >
                <div
                  className="col-md-9"
                >
                  <Row
                    tag="div"
                  >
                    <div
                      className="row"
                    >
                      <Col
                        md="5"
                        tag="div"
                        widths={
                          Array [
                            "xs",
                            "sm",
                            "md",
                            "lg",
                            "xl",
                          ]
                        }
                      >
                        <div
                          className="col-md-5"
                        >
                          <Input
                            aria-label="start"
                            bsSize="lg"
                            className=""
                            name="start"
                            onBlur={[Function]}
                            onChange={[Function]}
                            placeholder="Start Date"
                            type="date"
                            value="2018-07-10"
                          >
                            <input
                              aria-label="start"
                              className="form-control-lg form-control"
                              name="start"
                              onBlur={[Function]}
                              onChange={[Function]}
                              placeholder="Start Date"
                              type="date"
                              value="2018-07-10"
                            />
                          </Input>
                        </div>
                      </Col>
                      <Col
                        md="2"
                        tag="div"
                        widths={
                          Array [
                            "xs",
                            "sm",
                            "md",
                            "lg",
                            "xl",
                          ]
                        }
                      >
                        <div
                          className="col-md-2"
                        >
                          <p
                            className="text-center align-middle"
                          >
                            to
                          </p>
                        </div>
                      </Col>
                      <Col
                        md="5"
                        tag="div"
                        widths={
                          Array [
                            "xs",
                            "sm",
                            "md",
                            "lg",
                            "xl",
                          ]
                        }
                      >
                        <div
                          className="col-md-5"
                        >
                          <Input
                            aria-label="end"
                            bsSize="lg"
                            className=""
                            name="end"
                            onBlur={[Function]}
                            onChange={[Function]}
                            placeholder="End Date"
                            type="date"
                            value="2020-07-10"
                          >
                            <input
                              aria-label="end"
                              className="form-control-lg form-control"
                              name="end"
                              onBlur={[Function]}
                              onChange={[Function]}
                              placeholder="End Date"
                              type="date"
                              value="2020-07-10"
                            />
                          </Input>
                        </div>
                      </Col>
                    </div>
                  </Row>
                </div>
              </Col>
            </div>
          </FormGroup>
          <FormGroup
            className="row"
            tag="div"
          >
            <div
              className="row form-group"
            >
              <Col
                sm="3"
                tag="div"
                widths={
                  Array [
                    "xs",
                    "sm",
                    "md",
                    "lg",
                    "xl",
                  ]
                }
              >
                <div
                  className="col-sm-3"
                >
                  <Label
                    for="estimated_time"
                    tag="label"
                    widths={
                      Array [
                        "xs",
                        "sm",
                        "md",
                        "lg",
                        "xl",
                      ]
                    }
                  >
                    <label
                      className=""
                      htmlFor="estimated_time"
                    >
                      Estimated time to complete task
                    </label>
                  </Label>
                </div>
              </Col>
              <Col
                md="9"
                tag="div"
                widths={
                  Array [
                    "xs",
                    "sm",
                    "md",
                    "lg",
                    "xl",
                  ]
                }
              >
                <div
                  className="col-md-9"
                >
                  <Input
                    aria-label="estimated time"
                    bsSize="lg"
                    className=""
                    name="estimated_time"
                    onBlur={[Function]}
                    onChange={[Function]}
                    placeholder="Estimated Time"
                    type="number"
                    value={15}
                  >
                    <input
                      aria-label="estimated time"
                      className="form-control-lg form-control"
                      name="estimated_time"
                      onBlur={[Function]}
                      onChange={[Function]}
                      placeholder="Estimated Time"
                      type="number"
                      value={15}
                    />
                  </Input>
                  <FormText
                    color="muted"
                    tag="small"
                  >
                    <small
                      className="form-text text-muted"
                    >
                      The esitmated time that a contributor would take to complete the task, in minutes.
                    </small>
                  </FormText>
                </div>
              </Col>
            </div>
          </FormGroup>
          <FormGroup
            className="row"
            tag="div"
          >
            <div
              className="row form-group"
            >
              <Col
                sm="3"
                tag="div"
                widths={
                  Array [
                    "xs",
                    "sm",
                    "md",
                    "lg",
                    "xl",
                  ]
                }
              >
                <div
                  className="col-sm-3"
                >
                  <Label
                    for="client"
                    tag="label"
                    widths={
                      Array [
                        "xs",
                        "sm",
                        "md",
                        "lg",
                        "xl",
                      ]
                    }
                  >
                    <label
                      className=""
                      htmlFor="client"
                    >
                      Client
                    </label>
                  </Label>
                </div>
              </Col>
              <Col
                md="9"
                tag="div"
                widths={
                  Array [
                    "xs",
                    "sm",
                    "md",
                    "lg",
                    "xl",
                  ]
                }
              >
                <div
                  className="col-md-9"
                >
                  <Input
                    aria-label="client"
                    bsSize="lg"
                    className=""
                    name="client"
                    onBlur={[Function]}
                    onChange={[Function]}
                    placeholder="Client"
                    type="select"
                    value="1"
                  >
                    <select
                      aria-label="client"
                      className="form-control-lg form-control"
                      name="client"
                      onBlur={[Function]}
                      onChange={[Function]}
                      placeholder="Client"
                      value="1"
                    >
                      <OptionMap
                        obj={
                          Object {
                            "1": Object {
                              "attributes": Object {
                                "created": "2018-06-21T13:51:54.011373+03:00",
                                "name": "Sol",
                              },
                              "id": "1",
                              "type": "Client",
                            },
                          }
                        }
                        titleField="name"
                      >
                        <option
                          key="0"
                        >
                          ----
                        </option>
                        <option
                          key="1"
                          value="1"
                        >
                          Sol
                        </option>
                      </OptionMap>
                    </select>
                  </Input>
                </div>
              </Col>
            </div>
          </FormGroup>
          <FormGroup
            className="row"
            tag="div"
          >
            <div
              className="row form-group"
            >
              <Col
                sm="3"
                tag="div"
                widths={
                  Array [
                    "xs",
                    "sm",
                    "md",
                    "lg",
                    "xl",
                  ]
                }
              >
                <div
                  className="col-sm-3"
                >
                  <Label
                    for="user_submission_target"
                    tag="label"
                    widths={
                      Array [
                        "xs",
                        "sm",
                        "md",
                        "lg",
                        "xl",
                      ]
                    }
                  >
                    <label
                      className=""
                      htmlFor="user_submission_target"
                    >
                      Submission limit (per contributor)
                    </label>
                  </Label>
                </div>
              </Col>
              <Col
                md="9"
                tag="div"
                widths={
                  Array [
                    "xs",
                    "sm",
                    "md",
                    "lg",
                    "xl",
                  ]
                }
              >
                <div
                  className="col-md-9"
                >
                  <Input
                    aria-label="contributor submission target"
                    bsSize="lg"
                    className=""
                    name="user_submission_target"
                    onBlur={[Function]}
                    onChange={[Function]}
                    placeholder="Contributor Submission Target"
                    type="number"
                    value={10}
                  >
                    <input
                      aria-label="contributor submission target"
                      className="form-control-lg form-control"
                      name="user_submission_target"
                      onBlur={[Function]}
                      onChange={[Function]}
                      placeholder="Contributor Submission Target"
                      type="number"
                      value={10}
                    />
                  </Input>
                </div>
              </Col>
            </div>
          </FormGroup>
          <FormGroup
            className="row"
            tag="div"
          >
            <div
              className="row form-group"
            >
              <Col
                sm="3"
                tag="div"
                widths={
                  Array [
                    "xs",
                    "sm",
                    "md",
                    "lg",
                    "xl",
                  ]
                }
              >
                <div
                  className="col-sm-3"
                >
                  <Label
                    for="required_expertise"
                    tag="label"
                    widths={
                      Array [
                        "xs",
                        "sm",
                        "md",
                        "lg",
                        "xl",
                      ]
                    }
                  >
                    <label
                      className=""
                      htmlFor="required_expertise"
                    >
                      Minimum contributor level
                    </label>
                  </Label>
                </div>
              </Col>
              <Col
                md="9"
                tag="div"
                widths={
                  Array [
                    "xs",
                    "sm",
                    "md",
                    "lg",
                    "xl",
                  ]
                }
              >
                <div
                  className="col-md-9"
                >
                  <Input
                    aria-label="required expertise"
                    bsSize="lg"
                    className=""
                    name="required_expertise"
                    onBlur={[Function]}
                    onChange={[Function]}
                    placeholder="Required Expertise"
                    type="select"
                    value="1"
                  >
                    <select
                      aria-label="required expertise"
                      className="form-control-lg form-control"
                      name="required_expertise"
                      onBlur={[Function]}
                      onChange={[Function]}
                      placeholder="Required Expertise"
                      value="1"
                    >
                      <option>
                        ----
                      </option>
                      <option
                        value="1"
                      >
                        Beginner
                      </option>
                      <option
                        value="2"
                      >
                        Intermediate
                      </option>
                      <option
                        value="3"
                      >
                        Advanced
                      </option>
                      <option
                        value="4"
                      >
                        Expert
                      </option>
                    </select>
                  </Input>
                </div>
              </Col>
            </div>
          </FormGroup>
          <h4>
            Location
          </h4>
          <div
            className="tasklocation-item"
          >
            <FormGroup
              className="row"
              tag="div"
            >
              <div
                className="row form-group"
              >
                <Col
                  sm="3"
                  tag="div"
                  widths={
                    Array [
                      "xs",
                      "sm",
                      "md",
                      "lg",
                      "xl",
                    ]
                  }
                >
                  <div
                    className="col-sm-3"
                  >
                    <Label
                      for="tasklocation_location"
                      tag="label"
                      widths={
                        Array [
                          "xs",
                          "sm",
                          "md",
                          "lg",
                          "xl",
                        ]
                      }
                    >
                      <label
                        className=""
                        htmlFor="tasklocation_location"
                      >
                        Location
                      </label>
                    </Label>
                  </div>
                </Col>
                <Col
                  sm="9"
                  tag="div"
                  widths={
                    Array [
                      "xs",
                      "sm",
                      "md",
                      "lg",
                      "xl",
                    ]
                  }
                >
                  <div
                    className="col-sm-9"
                  >
                    <Input
                      aria-label="location"
                      bsSize="lg"
                      className=""
                      name="tasklocation_location"
                      onBlur={[Function]}
                      onChange={[Function]}
                      placeholder="Location"
                      required={true}
                      type="select"
                      value="1"
                    >
                      <select
                        aria-label="location"
                        className="form-control-lg form-control"
                        name="tasklocation_location"
                        onBlur={[Function]}
                        onChange={[Function]}
                        placeholder="Location"
                        required={true}
                        value="1"
                      >
                        <OptionMap
                          obj={
                            Object {
                              "1": Object {
                                "attributes": Object {
                                  "country": "KE",
                                  "created": "2018-06-20T12:09:02.916318+03:00",
                                  "description": "Such Big City , Much wow",
                                  "geopoint": null,
                                  "location_type_name": "None",
                                  "modified": "2018-06-20T12:09:02.916345+03:00",
                                  "name": "Nairobi",
                                  "parent_name": "None",
                                  "radius": null,
                                  "shapefile": Object {
                                    "coordinates": Array [
                                      Array [
                                        Array [
                                          Array [
                                            -0.038795471191406,
                                            0.030555723649271,
                                          ],
                                          Array [
                                            0.049095153808594,
                                            0.013389587280456,
                                          ],
                                          Array [
                                            0.015106201171875,
                                            -0.063171373920095,
                                          ],
                                          Array [
                                            -0.044288635253906,
                                            -0.032615659859611,
                                          ],
                                          Array [
                                            -0.038795471191406,
                                            0.030555723649271,
                                          ],
                                        ],
                                      ],
                                    ],
                                    "type": "MultiPolygon",
                                  },
                                },
                                "id": "1",
                                "relationships": Object {
                                  "location_type": Object {
                                    "data": null,
                                  },
                                  "parent": Object {
                                    "data": null,
                                  },
                                },
                                "type": "Location",
                              },
                              "7": Object {
                                "attributes": Object {
                                  "country": "CK",
                                  "created": "2018-07-09T14:53:09.732230+03:00",
                                  "description": "Something",
                                  "geopoint": null,
                                  "location_type_name": null,
                                  "modified": "2018-07-09T14:53:09.732261+03:00",
                                  "name": "Sol Point",
                                  "parent_name": null,
                                  "radius": null,
                                  "shapefile": null,
                                },
                                "id": "7",
                                "relationships": Object {
                                  "location_type": Object {
                                    "data": null,
                                  },
                                  "parent": Object {
                                    "data": null,
                                  },
                                },
                                "type": "Location",
                              },
                            }
                          }
                          titleField="name"
                        >
                          <option
                            key="0"
                          >
                            ----
                          </option>
                          <option
                            key="1"
                            value="1"
                          >
                            Nairobi
                          </option>
                          <option
                            key="7"
                            value="7"
                          >
                            Sol Point
                          </option>
                        </OptionMap>
                      </select>
                    </Input>
                  </div>
                </Col>
              </div>
            </FormGroup>
            <FormGroup
              className="row"
              tag="div"
            >
              <div
                className="row form-group"
              >
                <Col
                  sm="3"
                  tag="div"
                  widths={
                    Array [
                      "xs",
                      "sm",
                      "md",
                      "lg",
                      "xl",
                    ]
                  }
                >
                  <div
                    className="col-sm-3"
                  >
                    <Label
                      for="tasklocation_start"
                      tag="label"
                      widths={
                        Array [
                          "xs",
                          "sm",
                          "md",
                          "lg",
                          "xl",
                        ]
                      }
                    >
                      <label
                        className=""
                        htmlFor="tasklocation_start"
                      >
                        Hours
                      </label>
                    </Label>
                  </div>
                </Col>
                <Col
                  md="9"
                  tag="div"
                  widths={
                    Array [
                      "xs",
                      "sm",
                      "md",
                      "lg",
                      "xl",
                    ]
                  }
                >
                  <div
                    className="col-md-9"
                  >
                    <Row
                      tag="div"
                    >
                      <div
                        className="row"
                      >
                        <Col
                          md="5"
                          tag="div"
                          widths={
                            Array [
                              "xs",
                              "sm",
                              "md",
                              "lg",
                              "xl",
                            ]
                          }
                        >
                          <div
                            className="col-md-5"
                          >
                            <Input
                              aria-label="start"
                              bsSize="lg"
                              className=""
                              name="tasklocation_start"
                              onBlur={[Function]}
                              onChange={[Function]}
                              placeholder="Start"
                              required={true}
                              type="time"
                              value="06:00:00"
                            >
                              <input
                                aria-label="start"
                                className="form-control-lg form-control"
                                name="tasklocation_start"
                                onBlur={[Function]}
                                onChange={[Function]}
                                placeholder="Start"
                                required={true}
                                type="time"
                                value="06:00:00"
                              />
                            </Input>
                          </div>
                        </Col>
                        <Col
                          md="2"
                          tag="div"
                          widths={
                            Array [
                              "xs",
                              "sm",
                              "md",
                              "lg",
                              "xl",
                            ]
                          }
                        >
                          <div
                            className="col-md-2"
                          >
                            <p
                              className="text-center align-middle"
                            >
                              to
                            </p>
                          </div>
                        </Col>
                        <Col
                          md="5"
                          tag="div"
                          widths={
                            Array [
                              "xs",
                              "sm",
                              "md",
                              "lg",
                              "xl",
                            ]
                          }
                        >
                          <div
                            className="col-md-5"
                          >
                            <Input
                              aria-label="end"
                              bsSize="lg"
                              className=""
                              name="tasklocation_end"
                              onBlur={[Function]}
                              onChange={[Function]}
                              placeholder="End"
                              required={true}
                              type="time"
                              value="18:00:00"
                            >
                              <input
                                aria-label="end"
                                className="form-control-lg form-control"
                                name="tasklocation_end"
                                onBlur={[Function]}
                                onChange={[Function]}
                                placeholder="End"
                                required={true}
                                type="time"
                                value="18:00:00"
                              />
                            </Input>
                          </div>
                        </Col>
                      </div>
                    </Row>
                  </div>
                </Col>
              </div>
            </FormGroup>
            <FormGroup
              className="row"
              tag="div"
            >
              <div
                className="row form-group"
              >
                <Col
                  sm="3"
                  tag="div"
                  widths={
                    Array [
                      "xs",
                      "sm",
                      "md",
                      "lg",
                      "xl",
                    ]
                  }
                >
                  <div
                    className="col-sm-3"
                  >
                    <Label
                      for="tasklocation_timing_rule"
                      tag="label"
                      widths={
                        Array [
                          "xs",
                          "sm",
                          "md",
                          "lg",
                          "xl",
                        ]
                      }
                    >
                      <label
                        className=""
                        htmlFor="tasklocation_timing_rule"
                      >
                        Timing Rule
                      </label>
                    </Label>
                  </div>
                </Col>
                <Col
                  md="9"
                  tag="div"
                  widths={
                    Array [
                      "xs",
                      "sm",
                      "md",
                      "lg",
                      "xl",
                    ]
                  }
                >
                  <div
                    className="col-md-9"
                  >
                    <Input
                      aria-label="timing rule"
                      bsSize="lg"
                      className=""
                      name="tasklocation_timing_rule"
                      onBlur={[Function]}
                      onChange={[Function]}
                      placeholder="Timing Rule"
                      type="hidden"
                      value="FREQ=MONTHLY;INTERVAL=1;BYMONTHDAY=1"
                    >
                      <input
                        aria-label="timing rule"
                        className="form-control-lg form-control"
                        name="tasklocation_timing_rule"
                        onBlur={[Function]}
                        onChange={[Function]}
                        placeholder="Timing Rule"
                        type="hidden"
                        value="FREQ=MONTHLY;INTERVAL=1;BYMONTHDAY=1"
                      />
                    </Input>
                    <t
                      calendarComponent={null}
                      config={Object {}}
                      onChange={[Function]}
                      value="FREQ=MONTHLY;INTERVAL=1;BYMONTHDAY=1"
                    >
                      <div>
                        <div
                          className="px-0 pt-3 border rounded"
                        >
                          <div>
                            <M
                              handleChange={[Function]}
                              repeat={
                                Object {
                                  "daily": Object {
                                    "interval": 1,
                                  },
                                  "frequency": "Monthly",
                                  "hourly": Object {
                                    "interval": 1,
                                  },
                                  "monthly": Object {
                                    "interval": 1,
                                    "mode": "on",
                                    "on": Object {
                                      "day": 1,
                                    },
                                    "onThe": Object {
                                      "day": "Monday",
                                      "which": "First",
                                    },
                                    "options": Object {
                                      "modes": undefined,
                                    },
                                  },
                                  "options": Object {
                                    "frequency": undefined,
                                  },
                                  "weekly": Object {
                                    "days": Object {
                                      "fri": false,
                                      "mon": false,
                                      "sat": false,
                                      "sun": false,
                                      "thu": false,
                                      "tue": false,
                                      "wed": false,
                                    },
                                    "interval": 1,
                                    "options": Object {
                                      "weekStartsOnSunday": undefined,
                                    },
                                  },
                                  "yearly": Object {
                                    "mode": "on",
                                    "on": Object {
                                      "day": 1,
                                      "month": "Jan",
                                    },
                                    "onThe": Object {
                                      "day": "Monday",
                                      "month": "Jan",
                                      "which": "First",
                                    },
                                    "options": Object {
                                      "modes": undefined,
                                    },
                                  },
                                }
                              }
                            >
                              <div
                                className="px-3"
                              >
                                <div
                                  className="form-group row"
                                >
                                  <div
                                    className="col-sm-2 text-sm-right"
                                  >
                                    <label
                                      className="col-form-label"
                                      htmlFor="Repeat frequency"
                                    >
                                      <strong>
                                        Repeat
                                      </strong>
                                    </label>
                                  </div>
                                  <div
                                    className="col-sm-6"
                                  >
                                    <select
                                      className="form-control"
                                      id="Repeat frequency"
                                      name="repeat.frequency"
                                      onChange={[Function]}
                                      value="Monthly"
                                    >
                                      <option
                                        value="Yearly"
                                      >
                                        Yearly
                                      </option>
                                      <option
                                        value="Monthly"
                                      >
                                        Monthly
                                      </option>
                                      <option
                                        value="Weekly"
                                      >
                                        Weekly
                                      </option>
                                      <option
                                        value="Daily"
                                      >
                                        Daily
                                      </option>
                                      <option
                                        value="Hourly"
                                      >
                                        Hourly
                                      </option>
                                    </select>
                                  </div>
                                </div>
                                <f
                                  handleChange={[Function]}
                                  monthly={
                                    Object {
                                      "interval": 1,
                                      "mode": "on",
                                      "on": Object {
                                        "day": 1,
                                      },
                                      "onThe": Object {
                                        "day": "Monday",
                                        "which": "First",
                                      },
                                      "options": Object {
                                        "modes": undefined,
                                      },
                                    }
                                  }
                                >
                                  <div>
                                    <div
                                      className="form-group row d-flex align-items-sm-center"
                                    >
                                      <div
                                        className="col-sm-1 offset-sm-2"
                                      >
                                        every
                                      </div>
                                      <div
                                        className="col-sm-3"
                                      >
                                        <input
                                          aria-label="Repeat monthly interval"
                                          className="form-control"
                                          name="repeat.monthly.interval"
                                          onChange={[Function]}
                                          value={1}
                                        />
                                      </div>
                                      <div
                                        className="col-sm-1"
                                      >
                                        month(s)
                                      </div>
                                    </div>
                                    <_
                                      handleChange={[Function]}
                                      hasMoreModes={true}
                                      mode="on"
                                      on={
                                        Object {
                                          "day": 1,
                                        }
                                      }
                                    >
                                      <div
                                        className="form-group row d-flex align-items-sm-center false"
                                      >
                                        <div
                                          className="col-sm-1 offset-sm-2"
                                        >
                                          <input
                                            aria-label="Repeat monthly on"
                                            checked={true}
                                            name="repeat.monthly.mode"
                                            onChange={[Function]}
                                            type="radio"
                                            value="on"
                                          />
                                        </div>
                                        <div
                                          className="col-sm-1"
                                        >
                                          on day
                                        </div>
                                        <div
                                          className="col-sm-2"
                                        >
                                          <select
                                            aria-label="Repeat monthly on a day"
                                            className="form-control"
                                            disabled={false}
                                            name="repeat.monthly.on.day"
                                            onChange={[Function]}
                                            value={1}
                                          >
                                            <option
                                              key="0"
                                              value={1}
                                            >
                                              1
                                            </option>
                                            <option
                                              key="1"
                                              value={2}
                                            >
                                              2
                                            </option>
                                            <option
                                              key="2"
                                              value={3}
                                            >
                                              3
                                            </option>
                                            <option
                                              key="3"
                                              value={4}
                                            >
                                              4
                                            </option>
                                            <option
                                              key="4"
                                              value={5}
                                            >
                                              5
                                            </option>
                                            <option
                                              key="5"
                                              value={6}
                                            >
                                              6
                                            </option>
                                            <option
                                              key="6"
                                              value={7}
                                            >
                                              7
                                            </option>
                                            <option
                                              key="7"
                                              value={8}
                                            >
                                              8
                                            </option>
                                            <option
                                              key="8"
                                              value={9}
                                            >
                                              9
                                            </option>
                                            <option
                                              key="9"
                                              value={10}
                                            >
                                              10
                                            </option>
                                            <option
                                              key="10"
                                              value={11}
                                            >
                                              11
                                            </option>
                                            <option
                                              key="11"
                                              value={12}
                                            >
                                              12
                                            </option>
                                            <option
                                              key="12"
                                              value={13}
                                            >
                                              13
                                            </option>
                                            <option
                                              key="13"
                                              value={14}
                                            >
                                              14
                                            </option>
                                            <option
                                              key="14"
                                              value={15}
                                            >
                                              15
                                            </option>
                                            <option
                                              key="15"
                                              value={16}
                                            >
                                              16
                                            </option>
                                            <option
                                              key="16"
                                              value={17}
                                            >
                                              17
                                            </option>
                                            <option
                                              key="17"
                                              value={18}
                                            >
                                              18
                                            </option>
                                            <option
                                              key="18"
                                              value={19}
                                            >
                                              19
                                            </option>
                                            <option
                                              key="19"
                                              value={20}
                                            >
                                              20
                                            </option>
                                            <option
                                              key="20"
                                              value={21}
                                            >
                                              21
                                            </option>
                                            <option
                                              key="21"
                                              value={22}
                                            >
                                              22
                                            </option>
                                            <option
                                              key="22"
                                              value={23}
                                            >
                                              23
                                            </option>
                                            <option
                                              key="23"
                                              value={24}
                                            >
                                              24
                                            </option>
                                            <option
                                              key="24"
                                              value={25}
                                            >
                                              25
                                            </option>
                                            <option
                                              key="25"
                                              value={26}
                                            >
                                              26
                                            </option>
                                            <option
                                              key="26"
                                              value={27}
                                            >
                                              27
                                            </option>
                                            <option
                                              key="27"
                                              value={28}
                                            >
                                              28
                                            </option>
                                            <option
                                              key="28"
                                              value={29}
                                            >
                                              29
                                            </option>
                                            <option
                                              key="29"
                                              value={30}
                                            >
                                              30
                                            </option>
                                            <option
                                              key="30"
                                              value={31}
                                            >
                                              31
                                            </option>
                                          </select>
                                        </div>
                                      </div>
                                    </_>
                                    <d
                                      handleChange={[Function]}
                                      hasMoreModes={true}
                                      mode="on"
                                      onThe={
                                        Object {
                                          "day": "Monday",
                                          "which": "First",
                                        }
                                      }
                                    >
                                      <div
                                        className="form-group row d-flex align-items-sm-center opacity-50"
                                      >
                                        <div
                                          className="col-sm-1 offset-sm-2"
                                        >
                                          <input
                                            aria-label="Repeat monthly on the"
                                            checked={false}
                                            name="repeat.monthly.mode"
                                            onChange={[Function]}
                                            type="radio"
                                            value="on the"
                                          />
                                        </div>
                                        <div
                                          className="col-sm-1"
                                        >
                                          on the
                                        </div>
                                        <div
                                          className="col-sm-2"
                                        >
                                          <select
                                            aria-label="Repeat monthly on the which"
                                            className="form-control"
                                            disabled={true}
                                            name="repeat.monthly.onThe.which"
                                            onChange={[Function]}
                                            value="First"
                                          >
                                            <option
                                              value="First"
                                            >
                                              First
                                            </option>
                                            <option
                                              value="Second"
                                            >
                                              Second
                                            </option>
                                            <option
                                              value="Third"
                                            >
                                              Third
                                            </option>
                                            <option
                                              value="Fourth"
                                            >
                                              Fourth
                                            </option>
                                            <option
                                              value="Last"
                                            >
                                              Last
                                            </option>
                                          </select>
                                        </div>
                                        <div
                                          className="col-sm-3"
                                        >
                                          <select
                                            aria-label="Repeat monthly on the day"
                                            className="form-control"
                                            disabled={true}
                                            name="repeat.monthly.onThe.day"
                                            onChange={[Function]}
                                            value="Monday"
                                          >
                                            <option
                                              key="Monday"
                                              value="Monday"
                                            >
                                              Monday
                                            </option>
                                            <option
                                              key="Tuesday"
                                              value="Tuesday"
                                            >
                                              Tuesday
                                            </option>
                                            <option
                                              key="Wednesday"
                                              value="Wednesday"
                                            >
                                              Wednesday
                                            </option>
                                            <option
                                              key="Thursday"
                                              value="Thursday"
                                            >
                                              Thursday
                                            </option>
                                            <option
                                              key="Friday"
                                              value="Friday"
                                            >
                                              Friday
                                            </option>
                                            <option
                                              key="Saturday"
                                              value="Saturday"
                                            >
                                              Saturday
                                            </option>
                                            <option
                                              key="Sunday"
                                              value="Sunday"
                                            >
                                              Sunday
                                            </option>
                                            <option
                                              key="Day"
                                              value="Day"
                                            >
                                              Day
                                            </option>
                                            <option
                                              key="Weekday"
                                              value="Weekday"
                                            >
                                              Weekday
                                            </option>
                                            <option
                                              key="Weekend day"
                                              value="Weekend day"
                                            >
                                              Weekend day
                                            </option>
                                          </select>
                                        </div>
                                      </div>
                                    </d>
                                  </div>
                                </f>
                              </div>
                            </M>
                          </div>
                          <hr />
                          <c
                            end={
                              Object {
                                "after": 1,
                                "mode": "Never",
                                "onDate": Object {
                                  "date": "1986-01-02",
                                  "options": Object {
                                    "calendarComponent": null,
                                    "weekStartsOnSunday": undefined,
                                  },
                                },
                                "options": Object {
                                  "modes": undefined,
                                },
                              }
                            }
                            handleChange={[Function]}
                          >
                            <div
                              className="px-3"
                            >
                              <div
                                className="form-group row"
                              >
                                <div
                                  className="col-sm-2 text-sm-right"
                                >
                                  <label
                                    className="col-form-label"
                                    htmlFor="End"
                                  >
                                    <strong>
                                      End
                                    </strong>
                                  </label>
                                </div>
                                <div
                                  className="col-sm-3"
                                >
                                  <select
                                    className="form-control"
                                    id="End"
                                    name="end.mode"
                                    onChange={[Function]}
                                    value="Never"
                                  >
                                    <option
                                      value="Never"
                                    >
                                      Never
                                    </option>
                                    <option
                                      value="After"
                                    >
                                      After
                                    </option>
                                    <option
                                      value="On date"
                                    >
                                      On date
                                    </option>
                                  </select>
                                </div>
                              </div>
                            </div>
                          </c>
                        </div>
                      </div>
                    </t>
                  </div>
                </Col>
              </div>
            </FormGroup>
          </div>
          <FormGroup
            className="row my-5"
            tag="div"
          >
            <div
              className="row my-5 form-group"
            >
              <Col
                md={
                  Object {
                    "offset": 1,
                    "size": 5,
                  }
                }
                tag="div"
                widths={
                  Array [
                    "xs",
                    "sm",
                    "md",
                    "lg",
                    "xl",
                  ]
                }
              >
                <div
                  className="col-md-5 offset-md-1"
                >
                  <Button
                    className="btn btn-secondary btn-block"
                    color="secondary"
                    onClick={[Function]}
                    tag="button"
                  >
                    <button
                      className="btn btn-secondary btn-block btn btn-secondary"
                      onClick={[Function]}
                      type="button"
                    >
                       
                      Cancel
                       
                    </button>
                  </Button>
                </div>
              </Col>
              <Col
                md={
                  Object {
                    "size": 5,
                  }
                }
                tag="div"
                widths={
                  Array [
                    "xs",
                    "sm",
                    "md",
                    "lg",
                    "xl",
                  ]
                }
              >
                <div
                  className="col-md-5"
                >
                  <Button
                    className="btn btn-primary btn-block"
                    color="secondary"
                    disabled={false}
                    tag="button"
                    type="submit"
                  >
                    <button
                      className="btn btn-primary btn-block btn btn-secondary"
                      disabled={false}
                      onClick={[Function]}
                      type="submit"
                    >
                      Submit
                    </button>
                  </Button>
                </div>
              </Col>
            </div>
          </FormGroup>
        </form>
      </Form>
    </div>
  </Formik>
</TaskForm>
`;
