// Jest Snapshot v1, https://goo.gl/fbAQLP

exports[`containers/location/LocationForm renders location form correctly 1`] = `
<Router
  history={
    Object {
      "action": "POP",
      "block": [Function],
      "createHref": [Function],
      "go": [Function],
      "goBack": [Function],
      "goForward": [Function],
      "length": 1,
      "listen": [Function],
      "location": Object {
        "hash": "",
        "pathname": "/",
        "search": "",
        "state": undefined,
      },
      "push": [Function],
      "replace": [Function],
    }
  }
>
  <ErrorBoundary>
    <h1>
      Something went wrong.
    </h1>
  </ErrorBoundary>
</Router>
`;

exports[`containers/location/LocationForm renders location form correctly when editting 1`] = `
<Router
  history={
    Object {
      "action": "POP",
      "block": [Function],
      "createHref": [Function],
      "go": [Function],
      "goBack": [Function],
      "goForward": [Function],
      "length": 1,
      "listen": [Function],
      "location": Object {
        "hash": "",
        "pathname": "/",
        "search": "",
        "state": undefined,
      },
      "push": [Function],
      "replace": [Function],
    }
  }
>
  <ErrorBoundary>
    <h1>
      Something went wrong.
    </h1>
  </ErrorBoundary>
</Router>
`;
