// Jest Snapshot v1, https://goo.gl/fbAQLP

exports[`containers/locations/LocationList renders location list correctly 1`] = `
<LocationsList
  changePageTarget={[Function]}
  changePageTitle={[Function]}
  changePageTitleButton={[Function]}
  fetchLocations={[Function]}
  rowsById={
    Object {
      "attributes": Object {
        "country": "CK",
        "created": "2018-07-09T14:53:09.732230+03:00",
        "description": "Something",
        "geopoint": null,
        "location_type_name": null,
        "modified": "2018-07-09T14:53:09.732261+03:00",
        "name": "Sol Point",
        "parent_name": null,
        "radius": null,
        "shapefile": null,
      },
      "id": "7",
      "relationships": Object {
        "location_type": Object {
          "data": null,
        },
        "parent": Object {
          "data": null,
        },
      },
      "type": "Location",
    }
  }
  showListTitle={[Function]}
>
  <div
    className="LocationList"
  >
    <ListView
      renderHeaders={[Function]}
      renderRow={[Function]}
      rowsById={
        Object {
          "attributes": Object {
            "country": "CK",
            "created": "2018-07-09T14:53:09.732230+03:00",
            "description": "Something",
            "geopoint": null,
            "location_type_name": null,
            "modified": "2018-07-09T14:53:09.732261+03:00",
            "name": "Sol Point",
            "parent_name": null,
            "radius": null,
            "shapefile": null,
          },
          "id": "7",
          "relationships": Object {
            "location_type": Object {
              "data": null,
            },
            "parent": Object {
              "data": null,
            },
          },
          "type": "Location",
        }
      }
    >
      <Table
        bordered={true}
        className="kaznet-table"
        responsiveTag="div"
        tag="table"
      >
        <table
          className="kaznet-table table table-bordered"
        >
          <thead>
            <tr>
              <ElementMap
                HTMLTag="th"
                items={
                  Array [
                    "Name",
                    "Parent",
                    "Type",
                    "Description",
                  ]
                }
              >
                <th
                  key="0"
                >
                  Name
                </th>
                <th
                  key="1"
                >
                  Parent
                </th>
                <th
                  key="2"
                >
                  Type
                </th>
                <th
                  key="3"
                >
                  Description
                </th>
              </ElementMap>
            </tr>
          </thead>
          <tbody />
        </table>
      </Table>
    </ListView>
  </div>
</LocationsList>
`;
